2026-07-29 23:03:29 | INFO | M05 | === RUN START ===
2026-07-29 23:03:29 | INFO | M05 | project=M05
2026-07-29 23:03:29 | INFO | M05 | repo_dir=ml-05-ensembles
2026-07-29 23:03:29 | INFO | M05 | python=3.14.5
2026-07-29 23:03:29 | INFO | M05 | os=Darwin 20.6.0
2026-07-29 23:03:29 | INFO | M05 | shell=zsh
2026-07-29 23:03:29 | INFO | M05 | cwd=notebooks
2026-07-29 23:03:29 | INFO | M05 | github_actions=False
2026-07-29 23:03:29 | INFO | M05 | Confirming installation:
2026-07-29 23:03:29 | INFO | M05 |   python:       3.14.5
2026-07-29 23:03:29 | INFO | M05 |   pandas:       3.0.5
2026-07-29 23:03:29 | INFO | M05 |   numpy:        2.5.1
2026-07-29 23:03:29 | INFO | M05 |   scikit-learn: 1.9.0
2026-07-29 23:03:29 | INFO | M05 |   seaborn:      0.13.2
2026-07-29 23:03:29 | INFO | M05 |   matplotlib:   3.11.1
2026-07-29 23:03:32 | INFO | M05 | Loading dataset: penguins
2026-07-29 23:03:32 | INFO | M05 | Loaded: 344 rows (instances), 7 columns
2026-07-29 23:03:32 | INFO | M05 | Original rows: 344
2026-07-29 23:03:32 | INFO | M05 | Model rows:    342
2026-07-29 23:03:32 | INFO | M05 | Classes in target 'species': ['Adelie', 'Chinstrap', 'Gentoo']
2026-07-29 23:03:32 | DEBUG | M05 | Class counts:
species
Adelie       151
Gentoo       123
Chinstrap     68
Name: count, dtype: int64
2026-07-29 23:04:10 | INFO | M05 | Train instances: 273
2026-07-29 23:04:10 | INFO | M05 | Test instances: 69
2026-07-29 23:04:13 | INFO | M05 | Fitting single tree + two ensembles
2026-07-29 23:04:13 | DEBUG | M05 |   fitted: single_tree
2026-07-29 23:04:14 | DEBUG | M05 |   fitted: random_forest
2026-07-29 23:04:15 | DEBUG | M05 |   fitted: gradient_boosting
2026-07-29 23:04:22 | INFO | M05 |   single_tree        test accuracy = 0.986
2026-07-29 23:04:22 | INFO | M05 |   random_forest      test accuracy = 1.000
2026-07-29 23:04:22 | INFO | M05 |   gradient_boosting  test accuracy = 0.986
2026-07-29 23:04:24 | INFO | M05 | Best model: random_forest with test accuracy = 1.000
2026-07-29 23:04:45 | INFO | M05 | Random forest feature importances (high to low):
2026-07-29 23:04:45 | INFO | M05 |   bill_length_mm       0.404
2026-07-29 23:04:45 | INFO | M05 |   flipper_length_mm    0.301
2026-07-29 23:04:45 | INFO | M05 |   bill_depth_mm        0.219
2026-07-29 23:04:45 | INFO | M05 |   body_mass_g          0.076
2026-07-29 23:04:54 | INFO | M05 | ========================
2026-07-29 23:04:54 | INFO | M05 | SUMMARY
2026-07-29 23:04:54 | INFO | M05 | ========================
2026-07-29 23:04:54 | INFO | M05 | Dataset: penguins   Target: species (classification)
2026-07-29 23:04:54 | INFO | M05 | Compared: single tree vs. random forest vs. gradient boosting
2026-07-29 23:04:54 | INFO | M05 | ========================
2026-07-29 23:05:02 | INFO | M05 | === RUN START ===
2026-07-29 23:05:02 | INFO | M05 | project=M05
2026-07-29 23:05:02 | INFO | M05 | repo_dir=ml-05-ensembles
2026-07-29 23:05:02 | INFO | M05 | python=3.14.5
2026-07-29 23:05:02 | INFO | M05 | os=Darwin 20.6.0
2026-07-29 23:05:02 | INFO | M05 | shell=zsh
2026-07-29 23:05:02 | INFO | M05 | cwd=notebooks
2026-07-29 23:05:02 | INFO | M05 | github_actions=False
2026-07-29 23:05:02 | INFO | M05 | Confirming installation:
2026-07-29 23:05:02 | INFO | M05 |   python:       3.14.5
2026-07-29 23:05:02 | INFO | M05 |   pandas:       3.0.5
2026-07-29 23:05:02 | INFO | M05 |   numpy:        2.5.1
2026-07-29 23:05:02 | INFO | M05 |   scikit-learn: 1.9.0
2026-07-29 23:05:02 | INFO | M05 |   seaborn:      0.13.2
2026-07-29 23:05:02 | INFO | M05 |   matplotlib:   3.11.1
2026-07-29 23:05:02 | INFO | M05 | Loading dataset: penguins
2026-07-29 23:05:02 | INFO | M05 | Loaded: 344 rows (instances), 7 columns
2026-07-29 23:05:02 | INFO | M05 | Original rows: 344
2026-07-29 23:05:02 | INFO | M05 | Model rows:    342
2026-07-29 23:05:02 | INFO | M05 | Classes in target 'species': ['Adelie', 'Chinstrap', 'Gentoo']
2026-07-29 23:05:02 | DEBUG | M05 | Class counts:
species
Adelie       151
Gentoo       123
Chinstrap     68
Name: count, dtype: int64
2026-07-29 23:05:02 | INFO | M05 | Train instances: 273
2026-07-29 23:05:02 | INFO | M05 | Test instances: 69
2026-07-29 23:05:02 | INFO | M05 | Fitting single tree + two ensembles
2026-07-29 23:05:02 | DEBUG | M05 |   fitted: single_tree
2026-07-29 23:05:02 | DEBUG | M05 |   fitted: random_forest
2026-07-29 23:05:03 | DEBUG | M05 |   fitted: gradient_boosting
2026-07-29 23:05:03 | INFO | M05 |   single_tree        test accuracy = 0.986
2026-07-29 23:05:03 | INFO | M05 |   random_forest      test accuracy = 1.000
2026-07-29 23:05:03 | INFO | M05 |   gradient_boosting  test accuracy = 0.986
2026-07-29 23:05:03 | INFO | M05 | Best model: random_forest with test accuracy = 1.000
2026-07-29 23:05:03 | INFO | M05 | Random forest feature importances (high to low):
2026-07-29 23:05:03 | INFO | M05 |   bill_length_mm       0.404
2026-07-29 23:05:03 | INFO | M05 |   flipper_length_mm    0.301
2026-07-29 23:05:03 | INFO | M05 |   bill_depth_mm        0.219
2026-07-29 23:05:03 | INFO | M05 |   body_mass_g          0.076
2026-07-29 23:05:04 | INFO | M05 | ========================
2026-07-29 23:05:04 | INFO | M05 | SUMMARY
2026-07-29 23:05:04 | INFO | M05 | ========================
2026-07-29 23:05:04 | INFO | M05 | Dataset: penguins   Target: species (classification)
2026-07-29 23:05:04 | INFO | M05 | Compared: single tree vs. random forest vs. gradient boosting
2026-07-29 23:05:04 | INFO | M05 | ========================
2026-07-29 23:08:30 | INFO | ML | === RUN START ===
2026-07-29 23:08:30 | INFO | ML | project=ML
2026-07-29 23:08:30 | INFO | ML | repo_dir=ml-05-ensembles
2026-07-29 23:08:30 | INFO | ML | python=3.14.5
2026-07-29 23:08:30 | INFO | ML | os=Darwin 20.6.0
2026-07-29 23:08:30 | INFO | ML | shell=zsh
2026-07-29 23:08:30 | INFO | ML | cwd=.
2026-07-29 23:08:30 | INFO | ML | github_actions=False
2026-07-29 23:08:30 | INFO | ML | === RUN START ===
2026-07-29 23:08:30 | INFO | ML | project=ML
2026-07-29 23:08:30 | INFO | ML | repo_dir=ml-05-ensembles
2026-07-29 23:08:30 | INFO | ML | python=3.14.5
2026-07-29 23:08:30 | INFO | ML | os=Darwin 20.6.0
2026-07-29 23:08:30 | INFO | ML | shell=zsh
2026-07-29 23:08:30 | INFO | ML | cwd=.
2026-07-29 23:08:30 | INFO | ML | github_actions=False
2026-07-29 23:08:30 | INFO | ML | ========================
2026-07-29 23:08:30 | INFO | ML | START main()
2026-07-29 23:08:30 | INFO | ML | ========================
2026-07-29 23:08:30 | INFO | ML | Load dataset..............
2026-07-29 23:08:30 | INFO | ML | Loading dataset: hours_scores_case
2026-07-29 23:08:30 | INFO | ML | Loaded: 10 rows, 6 columns
2026-07-29 23:08:30 | DEBUG | ML | 
   hours_studied  practice_quizzes  attendance_pct  sleep_hours  prior_score  score
0            2.0                 1              72          6.0           58     62
1            3.5                 2              80          6.5           61     68
2            4.0                 3              85          7.0           64     72
3            5.0                 3              88          7.5           66     76
4            6.0                 4              90          7.0           70     81
2026-07-29 23:08:30 | INFO | ML | Inspect dataset...........
2026-07-29 23:08:30 | INFO | ML | Column names
2026-07-29 23:08:30 | DEBUG | ML | ['hours_studied', 'practice_quizzes', 'attendance_pct', 'sleep_hours', 'prior_score', 'score']
2026-07-29 23:08:30 | INFO | ML | DataFrame info
2026-07-29 23:08:30 | INFO | ML | Dataset shape: 10 rows, 6 columns
2026-07-29 23:08:30 | INFO | ML | Check data quality........
2026-07-29 23:08:30 | INFO | ML | Missing values by column
2026-07-29 23:08:30 | DEBUG | ML | 
hours_studied       0
practice_quizzes    0
attendance_pct      0
sleep_hours         0
prior_score         0
score               0
dtype: int64
2026-07-29 23:08:30 | INFO | ML | Duplicate row count: 0
2026-07-29 23:08:30 | INFO | ML | Create clean view.........
2026-07-29 23:08:30 | INFO | ML | Creating clean modeling view
2026-07-29 23:08:30 | INFO | ML | Clean view: 10 rows, 6 columns
2026-07-29 23:08:30 | INFO | ML | Train supervised model....
2026-07-29 23:08:30 | INFO | ML | Training LinearRegression model
2026-07-29 23:08:30 | INFO | ML | Mean absolute error: 0.48
2026-07-29 23:08:30 | INFO | ML | R-squared: 1.00
2026-07-29 23:08:30 | INFO | ML | Predict one case..........
2026-07-29 23:08:30 | INFO | ML | Predicting one new case
2026-07-29 23:08:30 | INFO | ML | New case:
   hours_studied  practice_quizzes  attendance_pct  sleep_hours  prior_score
0            6.5                 4              92          7.0           72
2026-07-29 23:08:30 | INFO | ML | Predicted score: 83.4
2026-07-29 23:08:30 | INFO | ML | Create charts.............
2026-07-29 23:08:30 | INFO | ML | Creating chart: hours studied vs score
2026-07-29 23:08:32 | INFO | ML | Creating chart: model coefficients
2026-07-29 23:08:32 | INFO | ML | Got a figure Figure(1800x1000) and axes Axes(0.125,0.11;0.775x0.77) from plt.subplots().
2026-07-29 23:08:32 | INFO | ML | Summarize workflow........
2026-07-29 23:08:32 | INFO | ML | ========================
2026-07-29 23:08:32 | INFO | ML | SUMMARY
2026-07-29 23:08:32 | INFO | ML | ========================
2026-07-29 23:08:32 | INFO | ML | Dataset: hours_scores_case
2026-07-29 23:08:32 | INFO | ML | Original rows: 10
2026-07-29 23:08:32 | INFO | ML | Clean rows: 10
2026-07-29 23:08:32 | INFO | ML | Features: ['hours_studied', 'practice_quizzes', 'attendance_pct', 'sleep_hours', 'prior_score']
2026-07-29 23:08:32 | INFO | ML | Target: score
2026-07-29 23:08:32 | INFO | ML | ----- in a script, call plt.show() once at the end to display all charts -----
2026-07-29 23:08:32 | INFO | ML | ----- in a script, CLOSE the chart windows with the close button to CONTINUE -----
2026-07-29 23:08:35 | INFO | ML | Workflow complete
2026-07-29 23:08:35 | INFO | ML | IMPORTANT: This script creates chart windows.
2026-07-29 23:08:35 | INFO | ML | Close chart windows and terminate this process with CTRL+c as needed.
2026-07-29 23:08:35 | INFO | ML | ========================
2026-07-29 23:08:35 | INFO | ML | Executed successfully!
2026-07-29 23:08:35 | INFO | ML | ========================
2026-08-02 14:44:02 | INFO | M05 | === RUN START ===
2026-08-02 14:44:02 | INFO | M05 | project=M05
2026-08-02 14:44:02 | INFO | M05 | repo_dir=ml-05-ensembles
2026-08-02 14:44:02 | INFO | M05 | python=3.14.5
2026-08-02 14:44:02 | INFO | M05 | os=Darwin 20.6.0
2026-08-02 14:44:02 | INFO | M05 | shell=zsh
2026-08-02 14:44:02 | INFO | M05 | cwd=notebooks
2026-08-02 14:44:02 | INFO | M05 | github_actions=False
2026-08-02 14:44:02 | INFO | M05 | Confirming installation:
2026-08-02 14:44:02 | INFO | M05 |   python:       3.14.5
2026-08-02 14:44:02 | INFO | M05 |   pandas:       3.0.5
2026-08-02 14:44:02 | INFO | M05 |   numpy:        2.5.1
2026-08-02 14:44:02 | INFO | M05 |   scikit-learn: 1.9.0
2026-08-02 14:44:02 | INFO | M05 |   seaborn:      0.13.2
2026-08-02 14:44:02 | INFO | M05 |   matplotlib:   3.11.1
2026-08-02 14:44:06 | INFO | M05 | Loading dataset: penguins
2026-08-02 14:44:06 | INFO | M05 | Loaded: 344 rows (instances), 7 columns
2026-08-02 14:44:06 | INFO | M05 | Original rows: 344
2026-08-02 14:44:06 | INFO | M05 | Model rows:    342
2026-08-02 14:44:06 | INFO | M05 | Classes in target 'species': ['Adelie', 'Chinstrap', 'Gentoo']
2026-08-02 14:44:06 | DEBUG | M05 | Class counts:
species
Adelie       151
Gentoo       123
Chinstrap     68
Name: count, dtype: int64
2026-08-02 14:44:16 | INFO | M05 | Train instances: 273
2026-08-02 14:44:16 | INFO | M05 | Test instances: 69
2026-08-02 14:44:26 | INFO | M05 | Fitting single tree + two ensembles
2026-08-02 14:44:26 | DEBUG | M05 |   fitted: single_tree
2026-08-02 14:44:28 | DEBUG | M05 |   fitted: random_forest
2026-08-02 14:44:28 | DEBUG | M05 |   fitted: gradient_boosting
2026-08-02 14:44:38 | INFO | M05 |   single_tree        test accuracy = 0.986
2026-08-02 14:44:38 | INFO | M05 |   random_forest      test accuracy = 1.000
2026-08-02 14:44:38 | INFO | M05 |   gradient_boosting  test accuracy = 0.986
2026-08-02 14:44:38 | INFO | M05 | Best model: random_forest with test accuracy = 1.000
2026-08-02 14:44:47 | INFO | M05 | Random forest feature importances (high to low):
2026-08-02 14:44:47 | INFO | M05 |   bill_length_mm       0.412
2026-08-02 14:44:47 | INFO | M05 |   flipper_length_mm    0.287
2026-08-02 14:44:47 | INFO | M05 |   bill_depth_mm        0.226
2026-08-02 14:44:47 | INFO | M05 |   body_mass_g          0.076
2026-08-02 14:44:56 | INFO | M05 | ========================
2026-08-02 14:44:56 | INFO | M05 | SUMMARY
2026-08-02 14:44:56 | INFO | M05 | ========================
2026-08-02 14:44:56 | INFO | M05 | Dataset: penguins   Target: species (classification)
2026-08-02 14:44:56 | INFO | M05 | Compared: single tree vs. random forest vs. gradient boosting
2026-08-02 14:44:56 | INFO | M05 | ========================
2026-08-02 14:48:33 | INFO | M05 | === RUN START ===
2026-08-02 14:48:33 | INFO | M05 | project=M05
2026-08-02 14:48:33 | INFO | M05 | repo_dir=ml-05-ensembles
2026-08-02 14:48:33 | INFO | M05 | python=3.14.5
2026-08-02 14:48:33 | INFO | M05 | os=Darwin 20.6.0
2026-08-02 14:48:33 | INFO | M05 | shell=zsh
2026-08-02 14:48:33 | INFO | M05 | cwd=notebooks
2026-08-02 14:48:33 | INFO | M05 | github_actions=False
2026-08-02 14:48:33 | INFO | M05 | Confirming installation:
2026-08-02 14:48:33 | INFO | M05 |   python:       3.14.5
2026-08-02 14:48:33 | INFO | M05 |   pandas:       3.0.5
2026-08-02 14:48:33 | INFO | M05 |   numpy:        2.5.1
2026-08-02 14:48:33 | INFO | M05 |   scikit-learn: 1.9.0
2026-08-02 14:48:33 | INFO | M05 |   seaborn:      0.13.2
2026-08-02 14:48:33 | INFO | M05 |   matplotlib:   3.11.1
2026-08-02 14:48:36 | INFO | M05 | Loading dataset: penguins
2026-08-02 14:48:36 | INFO | M05 | Loaded: 344 rows (instances), 7 columns
2026-08-02 14:48:36 | INFO | M05 | Original rows: 344
2026-08-02 14:48:36 | INFO | M05 | Model rows:    342
2026-08-02 14:48:36 | INFO | M05 | Classes in target 'species': ['Adelie', 'Chinstrap', 'Gentoo']
2026-08-02 14:48:37 | DEBUG | M05 | Class counts:
species
Adelie       151
Gentoo       123
Chinstrap     68
Name: count, dtype: int64
2026-08-02 14:48:42 | INFO | M05 | Train instances: 273
2026-08-02 14:48:42 | INFO | M05 | Test instances: 69
2026-08-02 14:48:47 | INFO | M05 | Fitting single tree + two ensembles
2026-08-02 14:48:47 | DEBUG | M05 |   fitted: single_tree
2026-08-02 14:48:47 | DEBUG | M05 |   fitted: random_forest
2026-08-02 14:48:48 | DEBUG | M05 |   fitted: gradient_boosting
2026-08-02 14:48:55 | INFO | M05 |   single_tree        test accuracy = 1.000
2026-08-02 14:48:55 | INFO | M05 |   random_forest      test accuracy = 1.000
2026-08-02 14:48:55 | INFO | M05 |   gradient_boosting  test accuracy = 0.986
2026-08-02 14:48:56 | INFO | M05 | Best model: single_tree with test accuracy = 1.000
2026-08-02 14:49:05 | INFO | M05 | Random forest feature importances (high to low):
2026-08-02 14:49:05 | INFO | M05 |   bill_length_mm       0.404
2026-08-02 14:49:05 | INFO | M05 |   flipper_length_mm    0.301
2026-08-02 14:49:05 | INFO | M05 |   bill_depth_mm        0.219
2026-08-02 14:49:05 | INFO | M05 |   body_mass_g          0.076
2026-08-02 14:49:20 | INFO | M05 | ========================
2026-08-02 14:49:20 | INFO | M05 | SUMMARY
2026-08-02 14:49:20 | INFO | M05 | ========================
2026-08-02 14:49:20 | INFO | M05 | Dataset: penguins   Target: species (classification)
2026-08-02 14:49:20 | INFO | M05 | Compared: single tree vs. random forest vs. gradient boosting
2026-08-02 14:49:20 | INFO | M05 | ========================
2026-08-02 14:49:45 | INFO | M05 | === RUN START ===
2026-08-02 14:49:45 | INFO | M05 | project=M05
2026-08-02 14:49:45 | INFO | M05 | repo_dir=ml-05-ensembles
2026-08-02 14:49:45 | INFO | M05 | python=3.14.5
2026-08-02 14:49:45 | INFO | M05 | os=Darwin 20.6.0
2026-08-02 14:49:45 | INFO | M05 | shell=zsh
2026-08-02 14:49:45 | INFO | M05 | cwd=notebooks
2026-08-02 14:49:45 | INFO | M05 | github_actions=False
2026-08-02 14:49:45 | INFO | M05 | Confirming installation:
2026-08-02 14:49:45 | INFO | M05 |   python:       3.14.5
2026-08-02 14:49:45 | INFO | M05 |   pandas:       3.0.5
2026-08-02 14:49:45 | INFO | M05 |   numpy:        2.5.1
2026-08-02 14:49:46 | INFO | M05 |   scikit-learn: 1.9.0
2026-08-02 14:49:46 | INFO | M05 |   seaborn:      0.13.2
2026-08-02 14:49:46 | INFO | M05 |   matplotlib:   3.11.1
2026-08-02 14:49:46 | INFO | M05 | Loading dataset: penguins
2026-08-02 14:49:46 | INFO | M05 | Loaded: 344 rows (instances), 7 columns
2026-08-02 14:49:46 | INFO | M05 | Original rows: 344
2026-08-02 14:49:46 | INFO | M05 | Model rows:    342
2026-08-02 14:49:46 | INFO | M05 | Classes in target 'species': ['Adelie', 'Chinstrap', 'Gentoo']
2026-08-02 14:49:46 | DEBUG | M05 | Class counts:
species
Adelie       151
Gentoo       123
Chinstrap     68
Name: count, dtype: int64
2026-08-02 14:49:46 | INFO | M05 | Train instances: 273
2026-08-02 14:49:46 | INFO | M05 | Test instances: 69
2026-08-02 14:49:46 | INFO | M05 | Fitting single tree + two ensembles
2026-08-02 14:49:46 | DEBUG | M05 |   fitted: single_tree
2026-08-02 14:49:46 | DEBUG | M05 |   fitted: random_forest
2026-08-02 14:49:47 | DEBUG | M05 |   fitted: gradient_boosting
2026-08-02 14:49:47 | INFO | M05 |   single_tree        test accuracy = 1.000
2026-08-02 14:49:47 | INFO | M05 |   random_forest      test accuracy = 1.000
2026-08-02 14:49:47 | INFO | M05 |   gradient_boosting  test accuracy = 0.986
2026-08-02 14:49:47 | INFO | M05 | Best model: single_tree with test accuracy = 1.000
2026-08-02 14:49:47 | INFO | M05 | Random forest feature importances (high to low):
2026-08-02 14:49:47 | INFO | M05 |   bill_length_mm       0.404
2026-08-02 14:49:47 | INFO | M05 |   flipper_length_mm    0.301
2026-08-02 14:49:47 | INFO | M05 |   bill_depth_mm        0.219
2026-08-02 14:49:47 | INFO | M05 |   body_mass_g          0.076
2026-08-02 14:49:47 | INFO | M05 | ========================
2026-08-02 14:49:47 | INFO | M05 | SUMMARY
2026-08-02 14:49:47 | INFO | M05 | ========================
2026-08-02 14:49:47 | INFO | M05 | Dataset: penguins   Target: species (classification)
2026-08-02 14:49:47 | INFO | M05 | Compared: single tree vs. random forest vs. gradient boosting
2026-08-02 14:49:47 | INFO | M05 | ========================
2026-08-02 15:36:50 | INFO | M05 | === RUN START ===
2026-08-02 15:36:50 | INFO | M05 | project=M05
2026-08-02 15:36:50 | INFO | M05 | repo_dir=ml-05-ensembles
2026-08-02 15:36:50 | INFO | M05 | python=3.14.5
2026-08-02 15:36:50 | INFO | M05 | os=Darwin 20.6.0
2026-08-02 15:36:50 | INFO | M05 | shell=zsh
2026-08-02 15:36:50 | INFO | M05 | cwd=notebooks
2026-08-02 15:36:50 | INFO | M05 | github_actions=False
2026-08-02 15:36:50 | INFO | M05 | Confirming installation:
2026-08-02 15:36:50 | INFO | M05 |   python:       3.14.5
2026-08-02 15:36:50 | INFO | M05 |   pandas:       3.0.5
2026-08-02 15:36:50 | INFO | M05 |   numpy:        2.5.1
2026-08-02 15:36:50 | INFO | M05 |   scikit-learn: 1.9.0
2026-08-02 15:36:50 | INFO | M05 |   seaborn:      0.13.2
2026-08-02 15:36:50 | INFO | M05 |   matplotlib:   3.11.1
2026-08-02 15:59:09 | INFO | M05 | Loading dataset: Medical Cost Prediction
2026-08-02 15:59:09 | INFO | M05 | Loaded: 5000 rows (instances), 20 columns
2026-08-02 15:59:09 | INFO | M05 | Original rows: 5000
2026-08-02 15:59:09 | INFO | M05 | Model rows:    5000
2026-08-02 16:08:08 | INFO | M05 | Train instances: 4000
2026-08-02 16:08:08 | INFO | M05 | Test instances: 1000
2026-08-02 16:11:23 | INFO | M05 | Fitting single tree + two ensembles
2026-08-02 16:11:23 | DEBUG | M05 |   fitted: single_tree
2026-08-02 16:11:26 | DEBUG | M05 |   fitted: random_forest
2026-08-02 16:11:26 | DEBUG | M05 |   fitted: gradient_boosting
2026-08-02 16:17:44 | INFO | M05 | single_tree: MAE=$5,415.55, RMSE=$7,173.73, R2=-0.055
2026-08-02 16:17:44 | INFO | M05 | random_forest: MAE=$5,710.26, RMSE=$7,406.34, R2=-0.125
2026-08-02 16:17:44 | INFO | M05 | gradient_boosting: MAE=$5,335.51, RMSE=$7,021.05, R2=-0.011
2026-08-02 16:18:12 | INFO | M05 | single_tree: MAE=$5,415.55, RMSE=$7,173.73, R2=-0.055
2026-08-02 16:18:12 | INFO | M05 | random_forest: MAE=$5,710.26, RMSE=$7,406.34, R2=-0.125
2026-08-02 16:18:12 | INFO | M05 | gradient_boosting: MAE=$5,335.51, RMSE=$7,021.05, R2=-0.011
2026-08-02 16:18:12 | INFO | M05 | Best model: gradient_boosting with R2 = -0.011
2026-08-02 16:20:48 | INFO | M05 | Random forest feature importances (high to low):
2026-08-02 16:20:48 | INFO | M05 |   previous_year_cost   0.425
2026-08-02 16:20:48 | INFO | M05 |   bmi                  0.327
2026-08-02 16:20:48 | INFO | M05 |   age                  0.247
2026-08-02 16:20:56 | INFO | M05 | ========================
2026-08-02 16:20:56 | INFO | M05 | SUMMARY
2026-08-02 16:20:56 | INFO | M05 | ========================
2026-08-02 16:20:56 | INFO | M05 | Dataset: Medical Cost Prediction   Target: annual_medical_cost (classification)
2026-08-02 16:20:56 | INFO | M05 | Compared: single tree vs. random forest vs. gradient boosting
2026-08-02 16:20:56 | INFO | M05 | ========================
2026-08-02 16:20:59 | INFO | M05 | ========================
2026-08-02 16:20:59 | INFO | M05 | SUMMARY
2026-08-02 16:20:59 | INFO | M05 | ========================
2026-08-02 16:20:59 | INFO | M05 | Dataset: Medical Cost Prediction   Target: annual_medical_cost (classification)
2026-08-02 16:20:59 | INFO | M05 | Compared: single tree vs. random forest vs. gradient boosting
2026-08-02 16:20:59 | INFO | M05 | ========================
2026-08-02 16:23:17 | INFO | M05 | === RUN START ===
2026-08-02 16:23:17 | INFO | M05 | project=M05
2026-08-02 16:23:17 | INFO | M05 | repo_dir=ml-05-ensembles
2026-08-02 16:23:17 | INFO | M05 | python=3.14.5
2026-08-02 16:23:17 | INFO | M05 | os=Darwin 20.6.0
2026-08-02 16:23:17 | INFO | M05 | shell=zsh
2026-08-02 16:23:17 | INFO | M05 | cwd=notebooks
2026-08-02 16:23:17 | INFO | M05 | github_actions=False
2026-08-02 16:23:17 | INFO | M05 | Confirming installation:
2026-08-02 16:23:17 | INFO | M05 |   python:       3.14.5
2026-08-02 16:23:17 | INFO | M05 |   pandas:       3.0.5
2026-08-02 16:23:17 | INFO | M05 |   numpy:        2.5.1
2026-08-02 16:23:17 | INFO | M05 |   scikit-learn: 1.9.0
2026-08-02 16:23:17 | INFO | M05 |   seaborn:      0.13.2
2026-08-02 16:23:17 | INFO | M05 |   matplotlib:   3.11.1
2026-08-02 16:23:20 | INFO | M05 | Loading dataset: Medical Cost Prediction
2026-08-02 16:23:20 | INFO | M05 | Loaded: 5000 rows (instances), 20 columns
2026-08-02 16:23:20 | INFO | M05 | Original rows: 5000
2026-08-02 16:23:20 | INFO | M05 | Model rows:    5000
2026-08-02 16:23:25 | INFO | M05 | Train instances: 4000
2026-08-02 16:23:25 | INFO | M05 | Test instances: 1000
2026-08-02 16:23:30 | INFO | M05 | Fitting single tree + two ensembles
2026-08-02 16:23:30 | DEBUG | M05 |   fitted: single_tree
2026-08-02 16:23:33 | DEBUG | M05 |   fitted: random_forest
2026-08-02 16:23:33 | DEBUG | M05 |   fitted: gradient_boosting
2026-08-02 16:23:39 | INFO | M05 | single_tree: MAE=$5,139.61, RMSE=$6,779.77, R2=0.058
2026-08-02 16:23:39 | INFO | M05 | random_forest: MAE=$5,266.71, RMSE=$6,817.12, R2=0.047
2026-08-02 16:23:39 | INFO | M05 | gradient_boosting: MAE=$5,031.15, RMSE=$6,616.95, R2=0.102
2026-08-02 16:23:39 | INFO | M05 | Best model: gradient_boosting with R2 = 0.102
2026-08-02 16:23:53 | INFO | M05 | Random forest feature importances (high to low):
2026-08-02 16:23:53 | INFO | M05 |   previous_year_cost   0.255
2026-08-02 16:23:53 | INFO | M05 |   bmi                  0.217
2026-08-02 16:23:53 | INFO | M05 |   age                  0.191
2026-08-02 16:23:53 | INFO | M05 |   hospital_admissions  0.140
2026-08-02 16:23:53 | INFO | M05 |   doctor_visits_per_year 0.105
2026-08-02 16:23:53 | INFO | M05 |   medication_count     0.092
2026-08-02 16:26:58 | INFO | M05 | ========================
2026-08-02 16:26:58 | INFO | M05 | SUMMARY
2026-08-02 16:26:58 | INFO | M05 | ========================
2026-08-02 16:26:58 | INFO | M05 | Dataset: Medical Cost Prediction   Target: annual_medical_cost (classification)
2026-08-02 16:26:58 | INFO | M05 | Compared: single tree vs. random forest vs. gradient boosting
2026-08-02 16:26:58 | INFO | M05 | ========================
2026-08-02 16:31:16 | INFO | M05 | === RUN START ===
2026-08-02 16:31:16 | INFO | M05 | project=M05
2026-08-02 16:31:16 | INFO | M05 | repo_dir=ml-05-ensembles
2026-08-02 16:31:16 | INFO | M05 | python=3.14.5
2026-08-02 16:31:16 | INFO | M05 | os=Darwin 20.6.0
2026-08-02 16:31:16 | INFO | M05 | shell=zsh
2026-08-02 16:31:16 | INFO | M05 | cwd=notebooks
2026-08-02 16:31:16 | INFO | M05 | github_actions=False
2026-08-02 16:31:16 | INFO | M05 | Confirming installation:
2026-08-02 16:31:16 | INFO | M05 |   python:       3.14.5
2026-08-02 16:31:16 | INFO | M05 |   pandas:       3.0.5
2026-08-02 16:31:16 | INFO | M05 |   numpy:        2.5.1
2026-08-02 16:31:16 | INFO | M05 |   scikit-learn: 1.9.0
2026-08-02 16:31:16 | INFO | M05 |   seaborn:      0.13.2
2026-08-02 16:31:16 | INFO | M05 |   matplotlib:   3.11.1
2026-08-02 16:31:16 | INFO | M05 | Loading dataset: Medical Cost Prediction
2026-08-02 16:31:16 | INFO | M05 | Loaded: 5000 rows (instances), 20 columns
2026-08-02 16:31:16 | INFO | M05 | Original rows: 5000
2026-08-02 16:31:16 | INFO | M05 | Model rows:    5000
2026-08-02 16:31:16 | INFO | M05 | Train instances: 4000
2026-08-02 16:31:16 | INFO | M05 | Test instances: 1000
2026-08-02 16:31:16 | INFO | M05 | Fitting single tree + two ensembles
2026-08-02 16:31:16 | DEBUG | M05 |   fitted: single_tree
2026-08-02 16:31:20 | DEBUG | M05 |   fitted: random_forest
2026-08-02 16:31:20 | DEBUG | M05 |   fitted: gradient_boosting
2026-08-02 16:31:20 | INFO | M05 | single_tree: MAE=$5,139.61, RMSE=$6,779.77, R2=0.058
2026-08-02 16:31:20 | INFO | M05 | random_forest: MAE=$5,266.71, RMSE=$6,817.12, R2=0.047
2026-08-02 16:31:20 | INFO | M05 | gradient_boosting: MAE=$5,031.15, RMSE=$6,616.95, R2=0.102
2026-08-02 16:31:20 | INFO | M05 | Best model: gradient_boosting with R2 = 0.102
2026-08-02 16:31:21 | INFO | M05 | Random forest feature importances (high to low):
2026-08-02 16:31:21 | INFO | M05 |   previous_year_cost   0.255
2026-08-02 16:31:21 | INFO | M05 |   bmi                  0.217
2026-08-02 16:31:21 | INFO | M05 |   age                  0.191
2026-08-02 16:31:21 | INFO | M05 |   hospital_admissions  0.140
2026-08-02 16:31:21 | INFO | M05 |   doctor_visits_per_year 0.105
2026-08-02 16:31:21 | INFO | M05 |   medication_count     0.092
2026-08-02 16:31:21 | INFO | M05 | ========================
2026-08-02 16:31:21 | INFO | M05 | SUMMARY
2026-08-02 16:31:21 | INFO | M05 | ========================
2026-08-02 16:31:21 | INFO | M05 | Dataset: Medical Cost Prediction   Target: annual_medical_cost (classification)
2026-08-02 16:31:21 | INFO | M05 | Compared: single tree vs. random forest vs. gradient boosting
2026-08-02 16:31:21 | INFO | M05 | ========================
2026-08-02 16:39:58 | INFO | M05 | === RUN START ===
2026-08-02 16:39:58 | INFO | M05 | project=M05
2026-08-02 16:39:58 | INFO | M05 | repo_dir=ml-05-ensembles
2026-08-02 16:39:58 | INFO | M05 | python=3.14.5
2026-08-02 16:39:58 | INFO | M05 | os=Darwin 20.6.0
2026-08-02 16:39:58 | INFO | M05 | shell=zsh
2026-08-02 16:39:58 | INFO | M05 | cwd=notebooks
2026-08-02 16:39:58 | INFO | M05 | github_actions=False
2026-08-02 16:39:58 | INFO | M05 | Confirming installation:
2026-08-02 16:39:58 | INFO | M05 |   python:       3.14.5
2026-08-02 16:39:58 | INFO | M05 |   pandas:       3.0.5
2026-08-02 16:39:58 | INFO | M05 |   numpy:        2.5.1
2026-08-02 16:39:58 | INFO | M05 |   scikit-learn: 1.9.0
2026-08-02 16:39:58 | INFO | M05 |   seaborn:      0.13.2
2026-08-02 16:39:58 | INFO | M05 |   matplotlib:   3.11.1
2026-08-02 16:39:58 | INFO | M05 | Loading dataset: Medical Cost Prediction
2026-08-02 16:39:58 | INFO | M05 | Loaded: 5000 rows (instances), 20 columns
2026-08-02 16:39:58 | INFO | M05 | Original rows: 5000
2026-08-02 16:39:58 | INFO | M05 | Model rows:    5000
2026-08-02 16:39:58 | INFO | M05 | Train instances: 4000
2026-08-02 16:39:58 | INFO | M05 | Test instances: 1000
2026-08-02 16:39:58 | INFO | M05 | Fitting single tree + two ensembles
2026-08-02 16:39:58 | DEBUG | M05 |   fitted: single_tree
2026-08-02 16:40:03 | DEBUG | M05 |   fitted: random_forest
2026-08-02 16:40:04 | DEBUG | M05 |   fitted: gradient_boosting
2026-08-02 16:40:04 | INFO | M05 | single_tree: MAE=$5,139.61, RMSE=$6,779.77, R2=0.058
2026-08-02 16:40:04 | INFO | M05 | random_forest: MAE=$5,266.71, RMSE=$6,817.12, R2=0.047
2026-08-02 16:40:04 | INFO | M05 | gradient_boosting: MAE=$5,031.15, RMSE=$6,616.95, R2=0.102
2026-08-02 16:40:04 | INFO | M05 | Best model: gradient_boosting with R2 = 0.102
2026-08-02 16:40:04 | INFO | M05 | Random forest feature importances (high to low):
2026-08-02 16:40:04 | INFO | M05 |   previous_year_cost   0.255
2026-08-02 16:40:04 | INFO | M05 |   bmi                  0.217
2026-08-02 16:40:04 | INFO | M05 |   age                  0.191
2026-08-02 16:40:04 | INFO | M05 |   hospital_admissions  0.140
2026-08-02 16:40:04 | INFO | M05 |   doctor_visits_per_year 0.105
2026-08-02 16:40:04 | INFO | M05 |   medication_count     0.092
2026-08-02 16:40:05 | INFO | M05 | ========================
2026-08-02 16:40:05 | INFO | M05 | SUMMARY
2026-08-02 16:40:05 | INFO | M05 | ========================
2026-08-02 16:40:05 | INFO | M05 | Dataset: Medical Cost Prediction   Target: annual_medical_cost (regression)
2026-08-02 16:40:05 | INFO | M05 | Compared: single tree vs. random forest vs. gradient boosting
2026-08-02 16:40:05 | INFO | M05 | ========================
2026-08-02 16:48:19 | INFO | M05 | === RUN START ===
2026-08-02 16:48:19 | INFO | M05 | project=M05
2026-08-02 16:48:19 | INFO | M05 | repo_dir=ml-05-ensembles
2026-08-02 16:48:19 | INFO | M05 | python=3.14.5
2026-08-02 16:48:19 | INFO | M05 | os=Darwin 20.6.0
2026-08-02 16:48:19 | INFO | M05 | shell=zsh
2026-08-02 16:48:19 | INFO | M05 | cwd=notebooks
2026-08-02 16:48:19 | INFO | M05 | github_actions=False
2026-08-02 16:48:19 | INFO | M05 | Confirming installation:
2026-08-02 16:48:19 | INFO | M05 |   python:       3.14.5
2026-08-02 16:48:19 | INFO | M05 |   pandas:       3.0.5
2026-08-02 16:48:19 | INFO | M05 |   numpy:        2.5.1
2026-08-02 16:48:19 | INFO | M05 |   scikit-learn: 1.9.0
2026-08-02 16:48:19 | INFO | M05 |   seaborn:      0.13.2
2026-08-02 16:48:19 | INFO | M05 |   matplotlib:   3.11.1
2026-08-02 16:48:19 | INFO | M05 | Loading dataset: Medical Cost Prediction
2026-08-02 16:48:19 | INFO | M05 | Loaded: 5000 rows (instances), 20 columns
2026-08-02 16:48:19 | INFO | M05 | Original rows: 5000
2026-08-02 16:48:19 | INFO | M05 | Model rows:    5000
2026-08-02 16:48:19 | INFO | M05 | Train instances: 4000
2026-08-02 16:48:19 | INFO | M05 | Test instances: 1000
2026-08-02 16:48:19 | INFO | M05 | Fitting single tree + two ensembles
2026-08-02 16:48:19 | DEBUG | M05 |   fitted: single_tree
2026-08-02 16:48:22 | DEBUG | M05 |   fitted: random_forest
2026-08-02 16:48:22 | DEBUG | M05 |   fitted: gradient_boosting
2026-08-02 16:48:23 | INFO | M05 | single_tree: MAE=$5,139.61, RMSE=$6,779.77, R2=0.058
2026-08-02 16:48:23 | INFO | M05 | random_forest: MAE=$5,266.71, RMSE=$6,817.12, R2=0.047
2026-08-02 16:48:23 | INFO | M05 | gradient_boosting: MAE=$5,031.15, RMSE=$6,616.95, R2=0.102
2026-08-02 16:48:23 | INFO | M05 | Best model: gradient_boosting with R2 = 0.102
2026-08-02 16:48:23 | INFO | M05 | Random forest feature importances (high to low):
2026-08-02 16:48:23 | INFO | M05 |   previous_year_cost   0.255
2026-08-02 16:48:23 | INFO | M05 |   bmi                  0.217
2026-08-02 16:48:23 | INFO | M05 |   age                  0.191
2026-08-02 16:48:23 | INFO | M05 |   hospital_admissions  0.140
2026-08-02 16:48:23 | INFO | M05 |   doctor_visits_per_year 0.105
2026-08-02 16:48:23 | INFO | M05 |   medication_count     0.092
2026-08-02 16:48:24 | INFO | M05 | ========================
2026-08-02 16:48:24 | INFO | M05 | SUMMARY
2026-08-02 16:48:24 | INFO | M05 | ========================
2026-08-02 16:48:24 | INFO | M05 | Dataset: Medical Cost Prediction   Target: annual_medical_cost (regression)
2026-08-02 16:48:24 | INFO | M05 | Compared: single tree vs. random forest vs. gradient boosting
2026-08-02 16:48:24 | INFO | M05 | ========================
